../Core/Src/main.c:77:6:delay	16	static
../Core/Src/main.c:82:6:Set_Pin_Output	40	static
../Core/Src/main.c:90:6:Set_Pin_Input	40	static
../Core/Src/main.c:98:6:DHT22_Start	8	static
../Core/Src/main.c:112:9:DHT22_Check_Response	16	static
../Core/Src/main.c:129:9:DHT22_Read	16	static
../Core/Src/main.c:154:5:main	272	static
../Core/Src/main.c:242:6:SystemClock_Config	88	static
../Core/Src/main.c:287:13:MX_ADC1_Init	24	static
../Core/Src/main.c:337:13:MX_I2C1_Init	8	static
../Core/Src/main.c:371:13:MX_TIM1_Init	32	static
../Core/Src/main.c:417:13:MX_USART2_UART_Init	8	static
../Core/Src/main.c:450:13:MX_GPIO_Init	48	static
../Core/Src/main.c:486:6:Error_Handler	4	static,ignoring_inline_asm
