../Core/Src/main.c:79:6:delay	16	static
../Core/Src/main.c:84:6:Set_Pin_Output	40	static
../Core/Src/main.c:92:6:Set_Pin_Input	40	static
../Core/Src/main.c:100:6:DHT22_Start	8	static
../Core/Src/main.c:114:9:DHT22_Check_Response	16	static
../Core/Src/main.c:131:9:DHT22_Read	16	static
../Core/Src/main.c:156:5:main	304	static
../Core/Src/main.c:270:6:SystemClock_Config	88	static
../Core/Src/main.c:315:13:MX_ADC1_Init	24	static
../Core/Src/main.c:365:13:MX_I2C1_Init	8	static
../Core/Src/main.c:399:13:MX_TIM1_Init	32	static
../Core/Src/main.c:445:13:MX_TIM2_Init	64	static
../Core/Src/main.c:504:13:MX_USART2_UART_Init	8	static
../Core/Src/main.c:537:13:MX_GPIO_Init	48	static
../Core/Src/main.c:573:6:Error_Handler	4	static,ignoring_inline_asm
